// Jest Snapshot v1, https://goo.gl/fbAQLP

exports[`ContactListItem should render correctly 1`] = `
<div
  className="container test"
  data-test-id="contact-ludwigschubert.solid.community"
  onClick={[Function]}
>
  <div
    className="imageContainer"
    data-test-id="contact-picture"
    onClick={[Function]}
  >
    <div
      className="image image"
    >
      <img
        alt="ludwigschubert's profile"
        onError={[Function]}
        onLoad={[Function]}
        src="https://ludwigschubert.solid.community/profile/aa.jpeg"
      />
    </div>
  </div>
  <div
    className="body"
  >
    <div
      className="nameContainer"
    >
      Ludwig Faust Schubert
    </div>
  </div>
  <div
    className="iconContainer added"
  />
</div>
`;
