// Jest Snapshot v1, https://goo.gl/fbAQLP

exports[`ContactListItem should render correctly 1`] = `
<div
  className="container test"
  data-test-id="contact-ludwigschubert"
  onClick={[Function]}
>
  <div
    className="imageContainer"
    data-test-id="contact-picture"
    onClick={[Function]}
  >
    <div
      className="image"
    >
      <img
        onError={[Function]}
        src="https://ludwigschubert.solid.community/profile/aa.jpeg"
      />
    </div>
  </div>
  <div
    className="nameContainer"
  >
    Ludwig Faust Schubert
  </div>
  <div
    className="iconContainer added"
  />
</div>
`;
