// Jest Snapshot v1, https://goo.gl/fbAQLP

exports[`Drive Drive Snapshot matches the snapshot 1`] = `
<Layout
  className="grid"
  onClick={[Function]}
  toolbarChildrenLeft={
    <div
      className="breadcrumbsContainer"
    >
      <Breadcrumbs
        breadcrumbs={
          Array [
            "/",
          ]
        }
        currentPath="https://tester.owntech.de/"
        onClick={[Function]}
        rootUrl="https://tester.owntech.de/"
        webId="https://tester.owntech.de/profile/card#me"
      />
    </div>
  }
  toolbarChildrenRight={
    <ToolbarButtons
      onDelete={[Function]}
      onDownload={[Function]}
    />
  }
>
  <UNDEFINED />
  <UNDEFINED
    className="mainArea"
    drive={true}
    id="drive contextmenu"
  >
    <div
      className="container"
    >
      <UNDEFINED />
      <div>
        <UNDEFINED
          currPath="https://tester.owntech.de/"
          image="Folder.png"
          items={
            Array [
              "hehe",
              "hihi",
            ]
          }
          onItemClick={[Function]}
        />
        <UNDEFINED
          currPath="https://tester.owntech.de/"
          image="File.png"
          isFile={true}
          items={
            Array [
              "haha.jpg",
            ]
          }
          onItemClick={[Function]}
        />
      </div>
      <BottomOverlay>
        <withRouter(Connect(BackButton)) />
        <withRouter(Connect(SelectModeButton)) />
        <withRouter(Connect(AccessDisplay)) />
      </BottomOverlay>
    </div>
  </UNDEFINED>
</Layout>
`;
