// Jest Snapshot v1, https://goo.gl/fbAQLP

exports[`Drive Drive Snapshot matches the snapshot 1`] = `
<Layout
  className="grid"
  label="Drive"
  onClick={[Function]}
  toolbarChildrenLeft={null}
  toolbarChildrenRight={
    <ToolbarButtons
      onDelete={[Function]}
      onDownload={[Function]}
      onFolderUpload={[Function]}
      uploadFile={[Function]}
    />
  }
>
  <CursorMenu
    className="mainArea"
    drive={true}
    id="drive contextmenu"
  >
    <div
      className="container"
    >
      <Memo(Connect(Windows)) />
      <div>
        <Memo(Connect(ItemList))
          image="Folder.png"
          items={
            Array [
              "hehe",
              "hihi",
            ]
          }
          onItemClick={[Function]}
        />
        <Memo(Connect(ItemList))
          image="File.png"
          isFile={true}
          items={
            Array [
              "haha.jpg",
            ]
          }
          onItemClick={[Function]}
        />
      </div>
    </div>
  </CursorMenu>
</Layout>
`;
