// Jest Snapshot v1, https://goo.gl/fbAQLP

exports[`ContactList should render correctly 1`] = `
<div
  className="container"
>
  <div
    className="itemContainer"
  >
    <div
      className="container"
      onClick={[Function]}
    >
      <div
        className="imageContainer"
        data-test-id="contact-picture"
        onClick={[Function]}
      >
        <div
          className="image"
          style={
            Object {
              "backgroundImage": "url('https://ludwigschubert.solid.community/profile/aa.jpeg')",
            }
          }
        />
      </div>
      <div
        className="nameContainer"
      >
        Ludwig Faust Schubert
      </div>
      <div
        className="iconContainer added"
      />
    </div>
  </div>
  <div
    className="itemContainer"
  >
    <div
      className="container"
      onClick={[Function]}
    >
      <div
        className="imageContainer"
        data-test-id="contact-picture"
        onClick={[Function]}
      >
        <div
          className="image"
          style={
            Object {
              "backgroundImage": "url('https://bejow.solid.community/profile/meme_ben_gang.jpg')",
            }
          }
        />
      </div>
      <div
        className="nameContainer"
      >
        Ben Wetzel
      </div>
      <div
        className="iconContainer added"
      />
    </div>
  </div>
  <div
    className="itemContainer"
  >
    <div
      className="container"
      onClick={[Function]}
    >
      <div
        className="imageContainer"
        data-test-id="contact-picture"
        onClick={[Function]}
      >
        <div
          className="image"
          style={
            Object {
              "backgroundImage": "url('https://bejow.solid.community/profile/meme_ben_gang.jpg')",
            }
          }
        />
      </div>
      <div
        className="nameContainer"
      >
        Ben Wetzel
      </div>
      <div
        className="iconContainer added"
      />
    </div>
  </div>
</div>
`;
