// Jest Snapshot v1, https://goo.gl/fbAQLP

exports[`ContactList should render correctly 1`] = `
<div
  className="container"
>
  <div
    className="itemContainer"
  >
    <div
      className="container"
      data-test-id="contact-ludwigschubert.solid.community"
      onClick={[Function]}
    >
      <div
        className="imageContainer"
        data-test-id="contact-picture"
        onClick={[Function]}
      >
        <div
          className="image image"
        >
          <img
            alt="ludwigschubert's profile"
            onError={[Function]}
            onLoad={[Function]}
            src="https://ludwigschubert.solid.community/profile/aa.jpeg"
          />
        </div>
      </div>
      <div
        className="nameContainer"
      >
        Ludwig Faust Schubert
      </div>
      <div
        className="iconContainer added"
      />
    </div>
  </div>
  <div
    className="itemContainer"
  >
    <div
      className="container"
      data-test-id="contact-bejow.solid.community"
      onClick={[Function]}
    >
      <div
        className="imageContainer"
        data-test-id="contact-picture"
        onClick={[Function]}
      >
        <div
          className="image image"
        >
          <img
            alt="bejow's profile"
            onError={[Function]}
            onLoad={[Function]}
            src="https://bejow.solid.community/profile/meme_ben_gang.jpg"
          />
        </div>
      </div>
      <div
        className="nameContainer"
      >
        Ben Wetzel
      </div>
      <div
        className="iconContainer added"
      />
    </div>
  </div>
  <div
    className="itemContainer"
  >
    <div
      className="container"
      data-test-id="contact-bejowe.solid.community"
      onClick={[Function]}
    >
      <div
        className="imageContainer"
        data-test-id="contact-picture"
        onClick={[Function]}
      >
        <div
          className="image image"
        >
          <img
            alt="bejowe's profile"
            onError={[Function]}
            onLoad={[Function]}
            src="https://bejow.solid.community/profile/meme_ben_gang.jpg"
          />
        </div>
      </div>
      <div
        className="nameContainer"
      >
        Ben Wetzel
      </div>
      <div
        className="iconContainer added"
      />
    </div>
  </div>
</div>
`;
