// Jest Snapshot v1, https://goo.gl/fbAQLP

exports[`File should render correctly (image) 1`] = `
<div
  className="gridCell"
  onContextMenu={[Function]}
>
  <div
    className="container"
    data-test-id="file-Test.png"
    onClick={[MockFunction]}
  >
    <div
      className="innerContainer"
    >
      <div
        className="iconContainer"
      >
        <img
          alt="file"
          className="thumbnail"
          src="https://bejow.solid.community/1234/Test.png"
        />
        <div
          alt="file"
          className="icon"
          style={
            Object {
              "backgroundImage": "url(https://owntech.de/favicon.ico)",
            }
          }
        >
          <img
            className="icon"
            src="https://owntech.de/favicon.ico"
            style={
              Object {
                "visibility": "hidden",
              }
            }
          />
        </div>
      </div>
    </div>
    <div
      className="labelContainer"
    >
      <div
        className="label"
      >
        Test.png
      </div>
    </div>
  </div>
</div>
`;

exports[`File should render correctly (no image) 1`] = `
<div
  className="gridCell"
  onContextMenu={[Function]}
>
  <div
    className="container"
    data-test-id="file-Test.png"
    onClick={[MockFunction]}
  >
    <div
      className="innerContainer"
    >
      <div
        className="iconContainer"
      >
        <img
          alt="file"
          className="thumbnail"
          src="https://bejow.solid.community/1234/Test.png"
        />
        <div
          alt="file"
          className="icon"
          style={
            Object {
              "backgroundImage": "url(https://owntech.de/favicon.ico)",
            }
          }
        >
          <img
            className="icon"
            src="https://owntech.de/favicon.ico"
            style={
              Object {
                "visibility": "hidden",
              }
            }
          />
        </div>
      </div>
    </div>
    <div
      className="labelContainer"
    >
      <div
        className="label"
      >
        Test.png
      </div>
    </div>
  </div>
</div>
`;
