// Jest Snapshot v1, https://goo.gl/fbAQLP

exports[`File should render correctly (image) 1`] = `
<div
  className="gridCell"
  onContextMenu={[Function]}
>
  <div
    className="container"
    data-test-id="Test.png"
    onClick={[MockFunction]}
  >
    <div
      className="innerContainer"
    >
      <div
        className="iconContainer"
      >
        <img
          alt="file"
          className="thumbnail"
          src="https://bejow.solid.community/1234/Test.png"
        />
        <img
          alt="file"
          className="icon"
          src="https://owntech.de/favicon.ico"
        />
      </div>
    </div>
  </div>
  <div
    className="label"
  >
    Test.png
  </div>
</div>
`;

exports[`File should render correctly (no image) 1`] = `
<div
  className="gridCell"
  onContextMenu={[Function]}
>
  <div
    className="container"
    data-test-id="Test.png"
    onClick={[MockFunction]}
  >
    <div
      className="innerContainer"
    >
      <div
        className="iconContainer"
      >
        <img
          alt="file"
          className="thumbnail"
          src="https://bejow.solid.community/1234/Test.png"
        />
        <img
          alt="file"
          className="icon"
          src="https://owntech.de/favicon.ico"
        />
      </div>
    </div>
  </div>
  <div
    className="label"
  >
    Test.png
  </div>
</div>
`;
