// Jest Snapshot v1, https://goo.gl/fbAQLP

exports[`Breadcrumbs should render correctly 1`] = `
<div
  className="container"
>
  <div
    className="container"
    onClick={[Function]}
  >
    <div
      className="breadcrumb"
      data-test-id="breadcrumb-Home"
    >
      Home
    </div>
    <div
      className="seperator"
    >
      /
    </div>
  </div>
  <div
    className="container"
    onClick={[Function]}
  >
    <div
      className="breadcrumb"
      data-test-id="breadcrumb-test"
    >
      test
    </div>
    <div
      className="seperator"
    >
      /
    </div>
  </div>
  <div
    className="container"
    onClick={[Function]}
  >
    <div
      className="breadcrumb"
      data-test-id="breadcrumb-path"
    >
      path
    </div>
  </div>
</div>
`;
