// Jest Snapshot v1, https://goo.gl/fbAQLP

exports[`Drive Drive Snapshot matches the snapshot 1`] = `
<Layout
  className="grid"
  label="Drive"
  onClick={[Function]}
  toolbarChildrenLeft={null}
  toolbarChildrenRight={
    <ToolbarButtons
      onDelete={[Function]}
      onDownload={[Function]}
      onFolderUpload={[Function]}
      uploadFile={[Function]}
    />
  }
>
  <MenuProvider
    className="mainArea"
    component="div"
    event="onContextMenu"
    id="drive contextmenu"
    storeRef={true}
  >
    <div
      className="container"
    >
      <Memo(Connect(Windows)) />
    </div>
  </MenuProvider>
  <Menu
    className="contextMenu"
    id="drive contextmenu"
  >
    <Item
      className="contextItem"
      disabled={false}
      onClick={[Function]}
    >
      <div>
        Info
      </div>
    </Item>
    <Item
      className="contextItem"
      disabled={false}
      onClick={[Function]}
    >
      <div>
        Copy
      </div>
    </Item>
    <Item
      className="contextItem"
      disabled={false}
      onClick={[Function]}
    >
      <div>
        Paste
      </div>
    </Item>
    <Item
      className="contextItem"
      disabled={false}
      onClick={[Function]}
    >
      <div>
        Manage Access
      </div>
    </Item>
    <Item
      className="contextItem disabled"
      disabled={true}
      onClick={[Function]}
    >
      <div>
        Share*
      </div>
    </Item>
    <Item
      className="contextItem"
      disabled={false}
      onClick={[Function]}
    >
      <div>
        Create Folder
      </div>
    </Item>
    <Item
      className="contextItem"
      disabled={false}
      onClick={[Function]}
    >
      <div>
        Create File
      </div>
    </Item>
    <Item
      className="contextItem"
      disabled={false}
      onClick={[Function]}
    >
      <div>
        Delete
      </div>
    </Item>
  </Menu>
</Layout>
`;
